2025-12-22 11:13:07,782 - BaseTrainer - INFO - 数据集准备完成，包含 2 个样本
2025-12-22 11:25:13,368 - BaseTrainer - INFO - 数据集准备完成，包含 1 个样本
2025-12-22 11:39:41,856 - BaseTrainer - INFO - 数据集准备完成，包含 1 个样本
2025-12-22 11:39:41,868 - BaseTrainer - INFO - 分词完成，数据集包含 1 个样本
2025-12-22 11:42:36,619 - BaseTrainer - INFO - 数据集准备完成，包含 1 个样本
2025-12-22 11:42:36,626 - BaseTrainer - INFO - 分词完成，数据集包含 1 个样本
2025-12-22 14:37:36,004 - BaseTrainer - INFO - BaseTrainer: 加载模型: /Users/xiniuyiliao/Desktop/code/models/gpt2
2025-12-22 14:37:36,235 - BaseTrainer - INFO - 模型和分词器加载完成
2025-12-22 14:37:38,228 - BaseTrainer - WARNING - 处理messages时出错: Cannot use chat template functions because tokenizer.chat_template is not set and no template argument was passed! For information about writing templates and setting the tokenizer.chat_template attribute, please see the documentation at https://huggingface.co/docs/transformers/main/en/chat_templating, 使用默认值
2025-12-22 14:37:38,229 - BaseTrainer - WARNING - 处理messages时出错: Cannot use chat template functions because tokenizer.chat_template is not set and no template argument was passed! For information about writing templates and setting the tokenizer.chat_template attribute, please see the documentation at https://huggingface.co/docs/transformers/main/en/chat_templating, 使用默认值
2025-12-22 14:37:38,229 - BaseTrainer - WARNING - 处理messages时出错: Cannot use chat template functions because tokenizer.chat_template is not set and no template argument was passed! For information about writing templates and setting the tokenizer.chat_template attribute, please see the documentation at https://huggingface.co/docs/transformers/main/en/chat_templating, 使用默认值
2025-12-22 14:37:38,229 - BaseTrainer - WARNING - 处理messages时出错: Cannot use chat template functions because tokenizer.chat_template is not set and no template argument was passed! For information about writing templates and setting the tokenizer.chat_template attribute, please see the documentation at https://huggingface.co/docs/transformers/main/en/chat_templating, 使用默认值
2025-12-22 14:37:38,229 - BaseTrainer - WARNING - 处理messages时出错: Cannot use chat template functions because tokenizer.chat_template is not set and no template argument was passed! For information about writing templates and setting the tokenizer.chat_template attribute, please see the documentation at https://huggingface.co/docs/transformers/main/en/chat_templating, 使用默认值
2025-12-22 14:37:38,229 - BaseTrainer - WARNING - 处理messages时出错: Cannot use chat template functions because tokenizer.chat_template is not set and no template argument was passed! For information about writing templates and setting the tokenizer.chat_template attribute, please see the documentation at https://huggingface.co/docs/transformers/main/en/chat_templating, 使用默认值
2025-12-22 14:37:38,229 - BaseTrainer - WARNING - 处理messages时出错: Cannot use chat template functions because tokenizer.chat_template is not set and no template argument was passed! For information about writing templates and setting the tokenizer.chat_template attribute, please see the documentation at https://huggingface.co/docs/transformers/main/en/chat_templating, 使用默认值
2025-12-22 14:37:38,229 - BaseTrainer - WARNING - 处理messages时出错: Cannot use chat template functions because tokenizer.chat_template is not set and no template argument was passed! For information about writing templates and setting the tokenizer.chat_template attribute, please see the documentation at https://huggingface.co/docs/transformers/main/en/chat_templating, 使用默认值
2025-12-22 14:37:38,229 - BaseTrainer - WARNING - 处理messages时出错: Cannot use chat template functions because tokenizer.chat_template is not set and no template argument was passed! For information about writing templates and setting the tokenizer.chat_template attribute, please see the documentation at https://huggingface.co/docs/transformers/main/en/chat_templating, 使用默认值
2025-12-22 14:37:38,229 - BaseTrainer - WARNING - 处理messages时出错: Cannot use chat template functions because tokenizer.chat_template is not set and no template argument was passed! For information about writing templates and setting the tokenizer.chat_template attribute, please see the documentation at https://huggingface.co/docs/transformers/main/en/chat_templating, 使用默认值
2025-12-22 14:37:38,236 - BaseTrainer - INFO - 数据集准备完成，包含 10 个样本
2025-12-22 14:37:38,773 - BaseTrainer - INFO - 分词完成，数据集包含 10 个样本
2025-12-22 14:37:39,213 - BaseTrainer - WARNING - 处理messages时出错: Cannot use chat template functions because tokenizer.chat_template is not set and no template argument was passed! For information about writing templates and setting the tokenizer.chat_template attribute, please see the documentation at https://huggingface.co/docs/transformers/main/en/chat_templating, 使用默认值
2025-12-22 14:37:39,213 - BaseTrainer - WARNING - 处理messages时出错: Cannot use chat template functions because tokenizer.chat_template is not set and no template argument was passed! For information about writing templates and setting the tokenizer.chat_template attribute, please see the documentation at https://huggingface.co/docs/transformers/main/en/chat_templating, 使用默认值
2025-12-22 14:37:39,214 - BaseTrainer - WARNING - 处理messages时出错: Cannot use chat template functions because tokenizer.chat_template is not set and no template argument was passed! For information about writing templates and setting the tokenizer.chat_template attribute, please see the documentation at https://huggingface.co/docs/transformers/main/en/chat_templating, 使用默认值
2025-12-22 14:37:39,214 - BaseTrainer - WARNING - 处理messages时出错: Cannot use chat template functions because tokenizer.chat_template is not set and no template argument was passed! For information about writing templates and setting the tokenizer.chat_template attribute, please see the documentation at https://huggingface.co/docs/transformers/main/en/chat_templating, 使用默认值
2025-12-22 14:37:39,214 - BaseTrainer - WARNING - 处理messages时出错: Cannot use chat template functions because tokenizer.chat_template is not set and no template argument was passed! For information about writing templates and setting the tokenizer.chat_template attribute, please see the documentation at https://huggingface.co/docs/transformers/main/en/chat_templating, 使用默认值
2025-12-22 14:37:39,214 - BaseTrainer - WARNING - 处理messages时出错: Cannot use chat template functions because tokenizer.chat_template is not set and no template argument was passed! For information about writing templates and setting the tokenizer.chat_template attribute, please see the documentation at https://huggingface.co/docs/transformers/main/en/chat_templating, 使用默认值
2025-12-22 14:37:39,214 - BaseTrainer - WARNING - 处理messages时出错: Cannot use chat template functions because tokenizer.chat_template is not set and no template argument was passed! For information about writing templates and setting the tokenizer.chat_template attribute, please see the documentation at https://huggingface.co/docs/transformers/main/en/chat_templating, 使用默认值
2025-12-22 14:37:39,214 - BaseTrainer - WARNING - 处理messages时出错: Cannot use chat template functions because tokenizer.chat_template is not set and no template argument was passed! For information about writing templates and setting the tokenizer.chat_template attribute, please see the documentation at https://huggingface.co/docs/transformers/main/en/chat_templating, 使用默认值
2025-12-22 14:37:39,214 - BaseTrainer - WARNING - 处理messages时出错: Cannot use chat template functions because tokenizer.chat_template is not set and no template argument was passed! For information about writing templates and setting the tokenizer.chat_template attribute, please see the documentation at https://huggingface.co/docs/transformers/main/en/chat_templating, 使用默认值
2025-12-22 14:37:39,214 - BaseTrainer - WARNING - 处理messages时出错: Cannot use chat template functions because tokenizer.chat_template is not set and no template argument was passed! For information about writing templates and setting the tokenizer.chat_template attribute, please see the documentation at https://huggingface.co/docs/transformers/main/en/chat_templating, 使用默认值
2025-12-22 14:37:39,215 - BaseTrainer - INFO - 数据集准备完成，包含 10 个样本
2025-12-22 14:37:39,673 - BaseTrainer - INFO - 分词完成，数据集包含 10 个样本
2025-12-22 14:38:31,129 - BaseTrainer - INFO - BaseTrainer: 加载模型: /Users/xiniuyiliao/Desktop/code/models/gpt2
2025-12-22 14:38:31,319 - BaseTrainer - INFO - 模型和分词器加载完成
2025-12-22 14:38:33,099 - BaseTrainer - WARNING - 处理messages时出错: Cannot use chat template functions because tokenizer.chat_template is not set and no template argument was passed! For information about writing templates and setting the tokenizer.chat_template attribute, please see the documentation at https://huggingface.co/docs/transformers/main/en/chat_templating, 使用默认值
2025-12-22 14:38:33,100 - BaseTrainer - WARNING - 处理messages时出错: Cannot use chat template functions because tokenizer.chat_template is not set and no template argument was passed! For information about writing templates and setting the tokenizer.chat_template attribute, please see the documentation at https://huggingface.co/docs/transformers/main/en/chat_templating, 使用默认值
2025-12-22 14:38:33,100 - BaseTrainer - WARNING - 处理messages时出错: Cannot use chat template functions because tokenizer.chat_template is not set and no template argument was passed! For information about writing templates and setting the tokenizer.chat_template attribute, please see the documentation at https://huggingface.co/docs/transformers/main/en/chat_templating, 使用默认值
2025-12-22 14:38:33,100 - BaseTrainer - WARNING - 处理messages时出错: Cannot use chat template functions because tokenizer.chat_template is not set and no template argument was passed! For information about writing templates and setting the tokenizer.chat_template attribute, please see the documentation at https://huggingface.co/docs/transformers/main/en/chat_templating, 使用默认值
2025-12-22 14:38:33,100 - BaseTrainer - WARNING - 处理messages时出错: Cannot use chat template functions because tokenizer.chat_template is not set and no template argument was passed! For information about writing templates and setting the tokenizer.chat_template attribute, please see the documentation at https://huggingface.co/docs/transformers/main/en/chat_templating, 使用默认值
2025-12-22 14:38:33,100 - BaseTrainer - WARNING - 处理messages时出错: Cannot use chat template functions because tokenizer.chat_template is not set and no template argument was passed! For information about writing templates and setting the tokenizer.chat_template attribute, please see the documentation at https://huggingface.co/docs/transformers/main/en/chat_templating, 使用默认值
2025-12-22 14:38:33,100 - BaseTrainer - WARNING - 处理messages时出错: Cannot use chat template functions because tokenizer.chat_template is not set and no template argument was passed! For information about writing templates and setting the tokenizer.chat_template attribute, please see the documentation at https://huggingface.co/docs/transformers/main/en/chat_templating, 使用默认值
2025-12-22 14:38:33,100 - BaseTrainer - WARNING - 处理messages时出错: Cannot use chat template functions because tokenizer.chat_template is not set and no template argument was passed! For information about writing templates and setting the tokenizer.chat_template attribute, please see the documentation at https://huggingface.co/docs/transformers/main/en/chat_templating, 使用默认值
2025-12-22 14:38:33,100 - BaseTrainer - WARNING - 处理messages时出错: Cannot use chat template functions because tokenizer.chat_template is not set and no template argument was passed! For information about writing templates and setting the tokenizer.chat_template attribute, please see the documentation at https://huggingface.co/docs/transformers/main/en/chat_templating, 使用默认值
2025-12-22 14:38:33,100 - BaseTrainer - WARNING - 处理messages时出错: Cannot use chat template functions because tokenizer.chat_template is not set and no template argument was passed! For information about writing templates and setting the tokenizer.chat_template attribute, please see the documentation at https://huggingface.co/docs/transformers/main/en/chat_templating, 使用默认值
2025-12-22 14:38:33,103 - BaseTrainer - INFO - 数据集准备完成，包含 10 个样本
2025-12-22 14:38:33,620 - BaseTrainer - INFO - 分词完成，数据集包含 10 个样本
2025-12-22 14:38:34,059 - BaseTrainer - WARNING - 处理messages时出错: Cannot use chat template functions because tokenizer.chat_template is not set and no template argument was passed! For information about writing templates and setting the tokenizer.chat_template attribute, please see the documentation at https://huggingface.co/docs/transformers/main/en/chat_templating, 使用默认值
2025-12-22 14:38:34,059 - BaseTrainer - WARNING - 处理messages时出错: Cannot use chat template functions because tokenizer.chat_template is not set and no template argument was passed! For information about writing templates and setting the tokenizer.chat_template attribute, please see the documentation at https://huggingface.co/docs/transformers/main/en/chat_templating, 使用默认值
2025-12-22 14:38:34,059 - BaseTrainer - WARNING - 处理messages时出错: Cannot use chat template functions because tokenizer.chat_template is not set and no template argument was passed! For information about writing templates and setting the tokenizer.chat_template attribute, please see the documentation at https://huggingface.co/docs/transformers/main/en/chat_templating, 使用默认值
2025-12-22 14:38:34,059 - BaseTrainer - WARNING - 处理messages时出错: Cannot use chat template functions because tokenizer.chat_template is not set and no template argument was passed! For information about writing templates and setting the tokenizer.chat_template attribute, please see the documentation at https://huggingface.co/docs/transformers/main/en/chat_templating, 使用默认值
2025-12-22 14:38:34,059 - BaseTrainer - WARNING - 处理messages时出错: Cannot use chat template functions because tokenizer.chat_template is not set and no template argument was passed! For information about writing templates and setting the tokenizer.chat_template attribute, please see the documentation at https://huggingface.co/docs/transformers/main/en/chat_templating, 使用默认值
2025-12-22 14:38:34,059 - BaseTrainer - WARNING - 处理messages时出错: Cannot use chat template functions because tokenizer.chat_template is not set and no template argument was passed! For information about writing templates and setting the tokenizer.chat_template attribute, please see the documentation at https://huggingface.co/docs/transformers/main/en/chat_templating, 使用默认值
2025-12-22 14:38:34,059 - BaseTrainer - WARNING - 处理messages时出错: Cannot use chat template functions because tokenizer.chat_template is not set and no template argument was passed! For information about writing templates and setting the tokenizer.chat_template attribute, please see the documentation at https://huggingface.co/docs/transformers/main/en/chat_templating, 使用默认值
2025-12-22 14:38:34,059 - BaseTrainer - WARNING - 处理messages时出错: Cannot use chat template functions because tokenizer.chat_template is not set and no template argument was passed! For information about writing templates and setting the tokenizer.chat_template attribute, please see the documentation at https://huggingface.co/docs/transformers/main/en/chat_templating, 使用默认值
2025-12-22 14:38:34,059 - BaseTrainer - WARNING - 处理messages时出错: Cannot use chat template functions because tokenizer.chat_template is not set and no template argument was passed! For information about writing templates and setting the tokenizer.chat_template attribute, please see the documentation at https://huggingface.co/docs/transformers/main/en/chat_templating, 使用默认值
2025-12-22 14:38:34,059 - BaseTrainer - WARNING - 处理messages时出错: Cannot use chat template functions because tokenizer.chat_template is not set and no template argument was passed! For information about writing templates and setting the tokenizer.chat_template attribute, please see the documentation at https://huggingface.co/docs/transformers/main/en/chat_templating, 使用默认值
2025-12-22 14:38:34,061 - BaseTrainer - INFO - 数据集准备完成，包含 10 个样本
2025-12-22 14:38:34,511 - BaseTrainer - INFO - 分词完成，数据集包含 10 个样本
2025-12-22 14:39:09,758 - BaseTrainer - INFO - BaseTrainer: 加载模型: /Users/xiniuyiliao/Desktop/code/models/gpt2
2025-12-22 14:39:09,961 - BaseTrainer - INFO - 模型和分词器加载完成
2025-12-22 14:39:11,632 - BaseTrainer - WARNING - 处理messages时出错: Cannot use chat template functions because tokenizer.chat_template is not set and no template argument was passed! For information about writing templates and setting the tokenizer.chat_template attribute, please see the documentation at https://huggingface.co/docs/transformers/main/en/chat_templating, 使用默认值
2025-12-22 14:39:11,632 - BaseTrainer - WARNING - 处理messages时出错: Cannot use chat template functions because tokenizer.chat_template is not set and no template argument was passed! For information about writing templates and setting the tokenizer.chat_template attribute, please see the documentation at https://huggingface.co/docs/transformers/main/en/chat_templating, 使用默认值
2025-12-22 14:39:11,632 - BaseTrainer - WARNING - 处理messages时出错: Cannot use chat template functions because tokenizer.chat_template is not set and no template argument was passed! For information about writing templates and setting the tokenizer.chat_template attribute, please see the documentation at https://huggingface.co/docs/transformers/main/en/chat_templating, 使用默认值
2025-12-22 14:39:11,632 - BaseTrainer - WARNING - 处理messages时出错: Cannot use chat template functions because tokenizer.chat_template is not set and no template argument was passed! For information about writing templates and setting the tokenizer.chat_template attribute, please see the documentation at https://huggingface.co/docs/transformers/main/en/chat_templating, 使用默认值
2025-12-22 14:39:11,632 - BaseTrainer - WARNING - 处理messages时出错: Cannot use chat template functions because tokenizer.chat_template is not set and no template argument was passed! For information about writing templates and setting the tokenizer.chat_template attribute, please see the documentation at https://huggingface.co/docs/transformers/main/en/chat_templating, 使用默认值
2025-12-22 14:39:11,632 - BaseTrainer - WARNING - 处理messages时出错: Cannot use chat template functions because tokenizer.chat_template is not set and no template argument was passed! For information about writing templates and setting the tokenizer.chat_template attribute, please see the documentation at https://huggingface.co/docs/transformers/main/en/chat_templating, 使用默认值
2025-12-22 14:39:11,632 - BaseTrainer - WARNING - 处理messages时出错: Cannot use chat template functions because tokenizer.chat_template is not set and no template argument was passed! For information about writing templates and setting the tokenizer.chat_template attribute, please see the documentation at https://huggingface.co/docs/transformers/main/en/chat_templating, 使用默认值
2025-12-22 14:39:11,633 - BaseTrainer - WARNING - 处理messages时出错: Cannot use chat template functions because tokenizer.chat_template is not set and no template argument was passed! For information about writing templates and setting the tokenizer.chat_template attribute, please see the documentation at https://huggingface.co/docs/transformers/main/en/chat_templating, 使用默认值
2025-12-22 14:39:11,633 - BaseTrainer - WARNING - 处理messages时出错: Cannot use chat template functions because tokenizer.chat_template is not set and no template argument was passed! For information about writing templates and setting the tokenizer.chat_template attribute, please see the documentation at https://huggingface.co/docs/transformers/main/en/chat_templating, 使用默认值
2025-12-22 14:39:11,633 - BaseTrainer - WARNING - 处理messages时出错: Cannot use chat template functions because tokenizer.chat_template is not set and no template argument was passed! For information about writing templates and setting the tokenizer.chat_template attribute, please see the documentation at https://huggingface.co/docs/transformers/main/en/chat_templating, 使用默认值
2025-12-22 14:39:11,635 - BaseTrainer - INFO - 数据集准备完成，包含 10 个样本
2025-12-22 14:39:12,178 - BaseTrainer - INFO - 分词完成，数据集包含 10 个样本
2025-12-22 14:39:12,644 - BaseTrainer - WARNING - 处理messages时出错: Cannot use chat template functions because tokenizer.chat_template is not set and no template argument was passed! For information about writing templates and setting the tokenizer.chat_template attribute, please see the documentation at https://huggingface.co/docs/transformers/main/en/chat_templating, 使用默认值
2025-12-22 14:39:12,644 - BaseTrainer - WARNING - 处理messages时出错: Cannot use chat template functions because tokenizer.chat_template is not set and no template argument was passed! For information about writing templates and setting the tokenizer.chat_template attribute, please see the documentation at https://huggingface.co/docs/transformers/main/en/chat_templating, 使用默认值
2025-12-22 14:39:12,644 - BaseTrainer - WARNING - 处理messages时出错: Cannot use chat template functions because tokenizer.chat_template is not set and no template argument was passed! For information about writing templates and setting the tokenizer.chat_template attribute, please see the documentation at https://huggingface.co/docs/transformers/main/en/chat_templating, 使用默认值
2025-12-22 14:39:12,644 - BaseTrainer - WARNING - 处理messages时出错: Cannot use chat template functions because tokenizer.chat_template is not set and no template argument was passed! For information about writing templates and setting the tokenizer.chat_template attribute, please see the documentation at https://huggingface.co/docs/transformers/main/en/chat_templating, 使用默认值
2025-12-22 14:39:12,645 - BaseTrainer - WARNING - 处理messages时出错: Cannot use chat template functions because tokenizer.chat_template is not set and no template argument was passed! For information about writing templates and setting the tokenizer.chat_template attribute, please see the documentation at https://huggingface.co/docs/transformers/main/en/chat_templating, 使用默认值
2025-12-22 14:39:12,645 - BaseTrainer - WARNING - 处理messages时出错: Cannot use chat template functions because tokenizer.chat_template is not set and no template argument was passed! For information about writing templates and setting the tokenizer.chat_template attribute, please see the documentation at https://huggingface.co/docs/transformers/main/en/chat_templating, 使用默认值
2025-12-22 14:39:12,645 - BaseTrainer - WARNING - 处理messages时出错: Cannot use chat template functions because tokenizer.chat_template is not set and no template argument was passed! For information about writing templates and setting the tokenizer.chat_template attribute, please see the documentation at https://huggingface.co/docs/transformers/main/en/chat_templating, 使用默认值
2025-12-22 14:39:12,645 - BaseTrainer - WARNING - 处理messages时出错: Cannot use chat template functions because tokenizer.chat_template is not set and no template argument was passed! For information about writing templates and setting the tokenizer.chat_template attribute, please see the documentation at https://huggingface.co/docs/transformers/main/en/chat_templating, 使用默认值
2025-12-22 14:39:12,645 - BaseTrainer - WARNING - 处理messages时出错: Cannot use chat template functions because tokenizer.chat_template is not set and no template argument was passed! For information about writing templates and setting the tokenizer.chat_template attribute, please see the documentation at https://huggingface.co/docs/transformers/main/en/chat_templating, 使用默认值
2025-12-22 14:39:12,645 - BaseTrainer - WARNING - 处理messages时出错: Cannot use chat template functions because tokenizer.chat_template is not set and no template argument was passed! For information about writing templates and setting the tokenizer.chat_template attribute, please see the documentation at https://huggingface.co/docs/transformers/main/en/chat_templating, 使用默认值
2025-12-22 14:39:12,646 - BaseTrainer - INFO - 数据集准备完成，包含 10 个样本
2025-12-22 14:39:13,118 - BaseTrainer - INFO - 分词完成，数据集包含 10 个样本
2025-12-22 14:39:13,119 - BaseTrainer - INFO - 训练参数创建完成: 2 epochs, train_batch_size=2
2025-12-22 14:39:13,132 - BaseTrainer - INFO - 开始训练...
2025-12-22 14:39:38,153 - BaseTrainer - INFO - BaseTrainer: 加载模型: /Users/xiniuyiliao/Desktop/code/models/gpt2
2025-12-22 14:39:38,401 - BaseTrainer - INFO - 模型和分词器加载完成
2025-12-22 14:39:39,790 - BaseTrainer - WARNING - 处理messages时出错: Cannot use chat template functions because tokenizer.chat_template is not set and no template argument was passed! For information about writing templates and setting the tokenizer.chat_template attribute, please see the documentation at https://huggingface.co/docs/transformers/main/en/chat_templating, 使用默认值
2025-12-22 14:39:39,791 - BaseTrainer - WARNING - 处理messages时出错: Cannot use chat template functions because tokenizer.chat_template is not set and no template argument was passed! For information about writing templates and setting the tokenizer.chat_template attribute, please see the documentation at https://huggingface.co/docs/transformers/main/en/chat_templating, 使用默认值
2025-12-22 14:39:39,791 - BaseTrainer - WARNING - 处理messages时出错: Cannot use chat template functions because tokenizer.chat_template is not set and no template argument was passed! For information about writing templates and setting the tokenizer.chat_template attribute, please see the documentation at https://huggingface.co/docs/transformers/main/en/chat_templating, 使用默认值
2025-12-22 14:39:39,791 - BaseTrainer - WARNING - 处理messages时出错: Cannot use chat template functions because tokenizer.chat_template is not set and no template argument was passed! For information about writing templates and setting the tokenizer.chat_template attribute, please see the documentation at https://huggingface.co/docs/transformers/main/en/chat_templating, 使用默认值
2025-12-22 14:39:39,791 - BaseTrainer - WARNING - 处理messages时出错: Cannot use chat template functions because tokenizer.chat_template is not set and no template argument was passed! For information about writing templates and setting the tokenizer.chat_template attribute, please see the documentation at https://huggingface.co/docs/transformers/main/en/chat_templating, 使用默认值
2025-12-22 14:39:39,791 - BaseTrainer - WARNING - 处理messages时出错: Cannot use chat template functions because tokenizer.chat_template is not set and no template argument was passed! For information about writing templates and setting the tokenizer.chat_template attribute, please see the documentation at https://huggingface.co/docs/transformers/main/en/chat_templating, 使用默认值
2025-12-22 14:39:39,791 - BaseTrainer - WARNING - 处理messages时出错: Cannot use chat template functions because tokenizer.chat_template is not set and no template argument was passed! For information about writing templates and setting the tokenizer.chat_template attribute, please see the documentation at https://huggingface.co/docs/transformers/main/en/chat_templating, 使用默认值
2025-12-22 14:39:39,791 - BaseTrainer - WARNING - 处理messages时出错: Cannot use chat template functions because tokenizer.chat_template is not set and no template argument was passed! For information about writing templates and setting the tokenizer.chat_template attribute, please see the documentation at https://huggingface.co/docs/transformers/main/en/chat_templating, 使用默认值
2025-12-22 14:39:39,791 - BaseTrainer - WARNING - 处理messages时出错: Cannot use chat template functions because tokenizer.chat_template is not set and no template argument was passed! For information about writing templates and setting the tokenizer.chat_template attribute, please see the documentation at https://huggingface.co/docs/transformers/main/en/chat_templating, 使用默认值
2025-12-22 14:39:39,791 - BaseTrainer - WARNING - 处理messages时出错: Cannot use chat template functions because tokenizer.chat_template is not set and no template argument was passed! For information about writing templates and setting the tokenizer.chat_template attribute, please see the documentation at https://huggingface.co/docs/transformers/main/en/chat_templating, 使用默认值
2025-12-22 14:39:39,794 - BaseTrainer - INFO - 数据集准备完成，包含 10 个样本
2025-12-22 14:39:40,360 - BaseTrainer - INFO - 分词完成，数据集包含 10 个样本
2025-12-22 14:39:40,914 - BaseTrainer - WARNING - 处理messages时出错: Cannot use chat template functions because tokenizer.chat_template is not set and no template argument was passed! For information about writing templates and setting the tokenizer.chat_template attribute, please see the documentation at https://huggingface.co/docs/transformers/main/en/chat_templating, 使用默认值
2025-12-22 14:39:40,914 - BaseTrainer - WARNING - 处理messages时出错: Cannot use chat template functions because tokenizer.chat_template is not set and no template argument was passed! For information about writing templates and setting the tokenizer.chat_template attribute, please see the documentation at https://huggingface.co/docs/transformers/main/en/chat_templating, 使用默认值
2025-12-22 14:39:40,914 - BaseTrainer - WARNING - 处理messages时出错: Cannot use chat template functions because tokenizer.chat_template is not set and no template argument was passed! For information about writing templates and setting the tokenizer.chat_template attribute, please see the documentation at https://huggingface.co/docs/transformers/main/en/chat_templating, 使用默认值
2025-12-22 14:39:40,914 - BaseTrainer - WARNING - 处理messages时出错: Cannot use chat template functions because tokenizer.chat_template is not set and no template argument was passed! For information about writing templates and setting the tokenizer.chat_template attribute, please see the documentation at https://huggingface.co/docs/transformers/main/en/chat_templating, 使用默认值
2025-12-22 14:39:40,914 - BaseTrainer - WARNING - 处理messages时出错: Cannot use chat template functions because tokenizer.chat_template is not set and no template argument was passed! For information about writing templates and setting the tokenizer.chat_template attribute, please see the documentation at https://huggingface.co/docs/transformers/main/en/chat_templating, 使用默认值
2025-12-22 14:39:40,914 - BaseTrainer - WARNING - 处理messages时出错: Cannot use chat template functions because tokenizer.chat_template is not set and no template argument was passed! For information about writing templates and setting the tokenizer.chat_template attribute, please see the documentation at https://huggingface.co/docs/transformers/main/en/chat_templating, 使用默认值
2025-12-22 14:39:40,914 - BaseTrainer - WARNING - 处理messages时出错: Cannot use chat template functions because tokenizer.chat_template is not set and no template argument was passed! For information about writing templates and setting the tokenizer.chat_template attribute, please see the documentation at https://huggingface.co/docs/transformers/main/en/chat_templating, 使用默认值
2025-12-22 14:39:40,914 - BaseTrainer - WARNING - 处理messages时出错: Cannot use chat template functions because tokenizer.chat_template is not set and no template argument was passed! For information about writing templates and setting the tokenizer.chat_template attribute, please see the documentation at https://huggingface.co/docs/transformers/main/en/chat_templating, 使用默认值
2025-12-22 14:39:40,914 - BaseTrainer - WARNING - 处理messages时出错: Cannot use chat template functions because tokenizer.chat_template is not set and no template argument was passed! For information about writing templates and setting the tokenizer.chat_template attribute, please see the documentation at https://huggingface.co/docs/transformers/main/en/chat_templating, 使用默认值
2025-12-22 14:39:40,914 - BaseTrainer - WARNING - 处理messages时出错: Cannot use chat template functions because tokenizer.chat_template is not set and no template argument was passed! For information about writing templates and setting the tokenizer.chat_template attribute, please see the documentation at https://huggingface.co/docs/transformers/main/en/chat_templating, 使用默认值
2025-12-22 14:39:40,915 - BaseTrainer - INFO - 数据集准备完成，包含 10 个样本
2025-12-22 14:39:41,360 - BaseTrainer - INFO - 分词完成，数据集包含 10 个样本
2025-12-22 14:39:41,361 - BaseTrainer - INFO - 训练参数创建完成: 2 epochs, train_batch_size=2
2025-12-22 14:39:41,373 - BaseTrainer - INFO - 开始训练...
2025-12-22 14:40:11,300 - BaseTrainer - INFO - 训练完成！模型已保存到: output/math_training/final_model
2025-12-22 14:40:11,302 - BaseTrainer - INFO - 训练损失: 7.4839
2025-12-22 14:56:00,766 - BaseTrainer - INFO - BaseTrainer: 加载模型: /Users/xiniuyiliao/Desktop/code/models/gpt2
2025-12-22 14:56:01,041 - BaseTrainer - INFO - 模型和分词器加载完成
2025-12-22 14:56:02,768 - BaseTrainer - INFO - 数据集准备完成，包含 10 个样本
2025-12-22 14:56:03,291 - BaseTrainer - INFO - 分词完成，数据集包含 10 个样本
2025-12-22 14:56:03,721 - BaseTrainer - INFO - 数据集准备完成，包含 10 个样本
2025-12-22 14:56:04,147 - BaseTrainer - INFO - 分词完成，数据集包含 10 个样本
2025-12-22 14:56:04,148 - BaseTrainer - INFO - 训练参数创建完成: 2 epochs, train_batch_size=2
2025-12-22 14:56:04,161 - BaseTrainer - INFO - 开始训练...
2025-12-22 14:56:35,702 - BaseTrainer - INFO - 训练完成！模型已保存到: output/math_training/final_model
2025-12-22 14:56:35,703 - BaseTrainer - INFO - 训练损失: 6.3129
2025-12-22 14:57:33,085 - BaseTrainer - INFO - BaseTrainer: 加载模型: /Users/xiniuyiliao/Desktop/code/models/gpt2
2025-12-22 14:57:33,286 - BaseTrainer - INFO - 模型和分词器加载完成
2025-12-22 14:57:33,966 - BaseTrainer - INFO - 数据集准备完成，包含 10 个样本
2025-12-22 14:57:34,493 - BaseTrainer - INFO - 分词完成，数据集包含 10 个样本
2025-12-22 14:57:35,547 - BaseTrainer - INFO - 数据集准备完成，包含 10 个样本
2025-12-22 14:57:36,065 - BaseTrainer - INFO - 分词完成，数据集包含 10 个样本
2025-12-22 14:57:36,066 - BaseTrainer - INFO - 训练参数创建完成: 2 epochs, train_batch_size=2
2025-12-22 14:57:36,078 - BaseTrainer - INFO - 开始训练...
2025-12-22 14:58:08,080 - BaseTrainer - INFO - 训练完成！模型已保存到: output/math_training/final_model
2025-12-22 14:58:08,081 - BaseTrainer - INFO - 训练损失: 6.3129
2025-12-22 15:02:15,148 - BaseTrainer - INFO - BaseTrainer: 加载模型: /Users/xiniuyiliao/Desktop/code/models/gpt2
2025-12-22 15:02:15,375 - BaseTrainer - INFO - 模型和分词器加载完成
2025-12-22 15:02:17,239 - BaseTrainer - INFO - 数据集准备完成，包含 10 个样本
2025-12-22 15:02:17,823 - BaseTrainer - INFO - 分词完成，数据集包含 10 个样本
2025-12-22 15:02:18,301 - BaseTrainer - INFO - 数据集准备完成，包含 10 个样本
2025-12-22 15:02:19,131 - BaseTrainer - INFO - 分词完成，数据集包含 10 个样本
2025-12-22 15:02:19,132 - BaseTrainer - INFO - 训练参数创建完成: 2 epochs, train_batch_size=2
2025-12-22 15:02:19,143 - BaseTrainer - INFO - 开始训练...
2025-12-22 15:02:50,025 - BaseTrainer - INFO - 训练完成！模型已保存到: output/math_training/final_model
2025-12-22 15:02:50,026 - BaseTrainer - INFO - 训练损失: 6.3129
2025-12-22 15:13:33,686 - BaseTrainer - INFO - BaseTrainer: 加载模型: /Users/xiniuyiliao/Desktop/code/models/gpt2
2025-12-22 15:13:33,973 - BaseTrainer - INFO - 模型和分词器加载完成
2025-12-22 15:13:35,967 - BaseTrainer - INFO - 数据集准备完成，包含 10 个样本
2025-12-22 15:13:36,494 - BaseTrainer - INFO - 分词完成，数据集包含 10 个样本
2025-12-22 15:13:36,966 - BaseTrainer - INFO - 数据集准备完成，包含 10 个样本
2025-12-22 15:13:37,447 - BaseTrainer - INFO - 分词完成，数据集包含 10 个样本
2025-12-22 15:13:37,448 - BaseTrainer - INFO - 训练参数创建完成: 2 epochs, train_batch_size=2
2025-12-22 15:13:37,458 - BaseTrainer - INFO - 开始训练...
2025-12-22 15:14:42,625 - BaseTrainer - INFO - BaseTrainer: 加载模型: /Users/xiniuyiliao/Desktop/code/models/gpt2
2025-12-22 15:14:42,871 - BaseTrainer - INFO - 模型和分词器加载完成
2025-12-22 15:14:44,718 - BaseTrainer - INFO - 数据集准备完成，包含 10 个样本
2025-12-22 15:14:45,248 - BaseTrainer - INFO - 分词完成，数据集包含 10 个样本
2025-12-22 15:14:45,760 - BaseTrainer - INFO - 数据集准备完成，包含 10 个样本
2025-12-22 15:14:46,192 - BaseTrainer - INFO - 分词完成，数据集包含 10 个样本
2025-12-22 15:14:46,193 - BaseTrainer - INFO - 训练参数创建完成: 2 epochs, train_batch_size=2
2025-12-22 15:14:46,210 - BaseTrainer - INFO - 开始训练...
2025-12-22 15:23:09,648 - BaseTrainer - INFO - BaseTrainer: 加载模型: /Users/xiniuyiliao/Desktop/code/models/gpt2
2025-12-22 15:23:09,936 - BaseTrainer - INFO - 模型和分词器加载完成
2025-12-22 15:23:12,301 - BaseTrainer - INFO - 数据集准备完成，包含 10 个样本
2025-12-22 15:23:13,665 - BaseTrainer - INFO - 分词完成，数据集包含 10 个样本
2025-12-22 15:23:15,064 - BaseTrainer - INFO - 数据集准备完成，包含 10 个样本
2025-12-22 15:23:16,895 - BaseTrainer - INFO - 分词完成，数据集包含 10 个样本
2025-12-22 15:23:16,920 - BaseTrainer - INFO - 训练参数创建完成: 2 epochs, train_batch_size=2
2025-12-22 15:23:17,041 - BaseTrainer - INFO - 开始训练...
2025-12-22 15:30:14,080 - BaseTrainer - INFO - BaseTrainer: 加载模型: /Users/xiniuyiliao/Desktop/code/models/gpt2
2025-12-22 15:30:14,333 - BaseTrainer - INFO - 模型和分词器加载完成
2025-12-22 15:30:16,236 - BaseTrainer - INFO - 数据集准备完成，包含 10 个样本
2025-12-22 15:30:16,761 - BaseTrainer - INFO - 分词完成，数据集包含 10 个样本
2025-12-22 15:30:17,209 - BaseTrainer - INFO - 数据集准备完成，包含 10 个样本
2025-12-22 15:30:17,667 - BaseTrainer - INFO - 分词完成，数据集包含 10 个样本
2025-12-22 15:30:17,668 - BaseTrainer - INFO - 训练参数创建完成: 2 epochs, train_batch_size=2
2025-12-22 15:30:17,682 - BaseTrainer - INFO - 开始训练...
2025-12-22 15:31:24,990 - BaseTrainer - INFO - 训练完成！模型已保存到: output/math_training/final_model
2025-12-22 15:31:24,991 - BaseTrainer - INFO - 训练损失: 6.2109
2025-12-22 15:32:36,003 - BaseTrainer - INFO - BaseTrainer: 加载模型: /Users/xiniuyiliao/Desktop/code/models/gpt2
2025-12-22 15:32:36,263 - BaseTrainer - INFO - 模型和分词器加载完成
2025-12-22 15:32:38,151 - BaseTrainer - INFO - 数据集准备完成，包含 10 个样本
2025-12-22 15:32:38,803 - BaseTrainer - INFO - 分词完成，数据集包含 10 个样本
2025-12-22 15:32:39,266 - BaseTrainer - INFO - 数据集准备完成，包含 10 个样本
2025-12-22 15:32:39,727 - BaseTrainer - INFO - 分词完成，数据集包含 10 个样本
2025-12-22 15:32:39,728 - BaseTrainer - INFO - 训练参数创建完成: 2 epochs, train_batch_size=2
2025-12-22 15:32:39,740 - BaseTrainer - INFO - 开始训练...
2025-12-22 15:33:29,929 - BaseTrainer - INFO - 训练完成！模型已保存到: output/math_training/final_model
2025-12-22 15:33:29,931 - BaseTrainer - INFO - 训练损失: 6.2109
