2026-01-03 22:24:00,835 - rag.rag_pipeline - INFO - 检索器索引已更新
2026-01-03 22:24:03,344 - rag.rag_pipeline - INFO - 检索器索引已更新
2026-01-03 22:24:13,025 - rag.rag_pipeline - INFO - 检索器索引已更新
2026-01-03 22:24:15,237 - rag.rag_pipeline - INFO - 检索器索引已更新
2026-01-03 22:24:21,515 - rag.rag_pipeline - INFO - 检索器索引已更新
2026-01-03 22:24:25,868 - rag.rag_pipeline - INFO - 检索器索引已更新
2026-01-03 22:24:29,187 - rag.rag_pipeline - INFO - 检索器索引已更新
2026-01-03 22:26:11,601 - rag.rag_pipeline - INFO - 检索器索引已更新
2026-01-03 22:26:14,472 - rag.rag_pipeline - INFO - 检索器索引已更新
2026-01-03 22:26:24,559 - rag.rag_pipeline - INFO - 检索器索引已更新
2026-01-03 22:26:24,560 - rag.rag_pipeline - WARNING - 没有检索到相关文档
2026-01-03 22:26:27,123 - rag.rag_pipeline - INFO - 检索器索引已更新
2026-01-03 22:26:27,125 - rag.rag_pipeline - WARNING - 没有检索到相关文档
2026-01-03 22:26:33,648 - rag.rag_pipeline - INFO - 检索器索引已更新
2026-01-03 22:26:33,649 - rag.rag_pipeline - WARNING - 没有检索到相关文档
2026-01-03 22:26:39,220 - rag.rag_pipeline - INFO - 检索器索引已更新
2026-01-03 22:26:39,879 - rag.rag_pipeline - WARNING - 没有检索到相关文档
2026-01-03 22:26:39,879 - rag.rag_pipeline - WARNING - 没有检索到相关文档
2026-01-03 22:26:44,698 - rag.rag_pipeline - INFO - 检索器索引已更新
2026-01-03 22:28:59,664 - rag.rag_pipeline - INFO - 检索器索引已更新
2026-01-03 22:29:02,315 - rag.rag_pipeline - INFO - 检索器索引已更新
2026-01-03 22:29:12,255 - rag.rag_pipeline - INFO - 检索器索引已更新
2026-01-03 22:29:12,255 - rag.rag_pipeline - WARNING - 没有检索到相关文档
2026-01-03 22:29:14,541 - rag.rag_pipeline - INFO - 检索器索引已更新
2026-01-03 22:29:14,541 - rag.rag_pipeline - WARNING - 没有检索到相关文档
2026-01-03 22:29:19,687 - rag.rag_pipeline - INFO - 检索器索引已更新
2026-01-03 22:29:19,687 - rag.rag_pipeline - WARNING - 没有检索到相关文档
2026-01-03 22:29:23,830 - rag.rag_pipeline - INFO - 检索器索引已更新
2026-01-03 22:29:24,350 - rag.rag_pipeline - WARNING - 没有检索到相关文档
2026-01-03 22:29:24,351 - rag.rag_pipeline - WARNING - 没有检索到相关文档
2026-01-03 22:29:27,068 - rag.rag_pipeline - INFO - 检索器索引已更新
2026-01-03 22:35:10,288 - rag.rag_pipeline - INFO - 检索器索引已更新
2026-01-03 22:35:10,290 - rag.rag_pipeline - WARNING - 处理后的查询为空，使用原始查询: 高血压的治疗方法
2026-01-03 22:35:13,576 - rag.rag_pipeline - INFO - 检索器索引已更新
2026-01-03 22:35:13,576 - rag.rag_pipeline - WARNING - 处理后的查询为空，使用原始查询: 糖尿病的症状
2026-01-03 22:35:24,781 - rag.rag_pipeline - INFO - 检索器索引已更新
2026-01-03 22:35:24,784 - rag.rag_pipeline - WARNING - 处理后的查询为空，使用原始查询: 高血压和肾脏病的关系
2026-01-03 22:35:27,546 - rag.rag_pipeline - INFO - 检索器索引已更新
2026-01-03 22:35:27,546 - rag.rag_pipeline - WARNING - 处理后的查询为空，使用原始查询: 糖尿病的治疗方案
2026-01-03 22:36:41,620 - rag.rag_pipeline - INFO - 检索器索引已更新
2026-01-03 22:36:41,622 - rag.rag_pipeline - WARNING - 处理后的查询为空，使用原始查询: 高血压的治疗方法
2026-01-03 22:36:44,651 - rag.rag_pipeline - INFO - 检索器索引已更新
2026-01-03 22:36:44,651 - rag.rag_pipeline - WARNING - 处理后的查询为空，使用原始查询: 糖尿病的症状
2026-01-03 22:47:00,133 - rag.rag_pipeline - INFO - 检索器索引已更新
2026-01-03 22:47:00,136 - rag.rag_pipeline - WARNING - 处理后的查询为空，使用原始查询: 高血压的治疗方法
2026-01-03 22:47:05,805 - rag.rag_pipeline - INFO - 检索器索引已更新
2026-01-03 22:47:05,805 - rag.rag_pipeline - WARNING - 处理后的查询为空，使用原始查询: 糖尿病的症状
2026-01-03 22:47:11,311 - rag.rag_pipeline - INFO - 检索器索引已更新
2026-01-03 22:47:11,312 - rag.rag_pipeline - WARNING - 处理后的查询为空，使用原始查询: 糖尿病的症状
2026-01-03 22:47:18,980 - rag.rag_pipeline - INFO - 检索器索引已更新
2026-01-03 22:47:18,981 - rag.rag_pipeline - WARNING - 处理后的查询为空，使用原始查询: 糖尿病的症状
2026-01-03 22:47:20,743 - rag.rag_pipeline - INFO - 检索器索引已更新
2026-01-03 22:47:20,743 - rag.rag_pipeline - WARNING - 处理后的查询为空，使用原始查询: 冠心病的危险因素
2026-01-03 22:47:27,234 - rag.rag_pipeline - INFO - 检索器索引已更新
2026-01-03 22:47:27,235 - rag.rag_pipeline - WARNING - 处理后的查询为空，使用原始查询: 肥胖与代谢疾病的关系
2026-01-03 22:47:32,740 - rag.rag_pipeline - INFO - 检索器索引已更新
2026-01-03 22:47:32,740 - rag.rag_pipeline - WARNING - 处理后的查询为空，使用原始查询: 高血压和肾脏病的关系
2026-01-03 22:47:36,138 - rag.rag_pipeline - INFO - 检索器索引已更新
2026-01-03 22:47:36,139 - rag.rag_pipeline - WARNING - 处理后的查询为空，使用原始查询: 糖尿病的治疗方案
2026-01-03 22:47:36,604 - rag.rag_pipeline - WARNING - 处理后的查询为空，使用原始查询: 糖尿病的治疗方案
2026-01-03 22:47:42,220 - rag.rag_pipeline - INFO - 检索器索引已更新
2026-01-03 22:47:42,221 - rag.rag_pipeline - WARNING - 处理后的查询为空，使用原始查询: 心血管疾病的预防
2026-01-03 22:47:48,142 - rag.rag_pipeline - INFO - 检索器索引已更新
2026-01-03 22:47:48,637 - rag.rag_pipeline - WARNING - 处理后的查询为空，使用原始查询: 脑卒中的类型和治疗方法
2026-01-03 22:47:48,810 - rag.rag_pipeline - WARNING - 处理后的查询为空，使用原始查询: 脑卒中的类型和治疗方法
2026-01-03 22:47:48,810 - rag.rag_pipeline - WARNING - 处理后的查询为空，使用原始查询: 慢性肾病的病因和预防
2026-01-03 22:47:48,982 - rag.rag_pipeline - WARNING - 处理后的查询为空，使用原始查询: 慢性肾病的病因和预防
2026-01-03 22:47:52,282 - rag.rag_pipeline - INFO - 检索器索引已更新
2026-01-03 22:52:50,820 - rag.rag_pipeline - INFO - 检索器索引已更新
2026-01-03 22:52:50,822 - rag.rag_pipeline - WARNING - 处理后的查询为空，使用原始查询: 肥胖与代谢疾病的关系
2026-01-03 22:53:43,550 - rag.rag_pipeline - INFO - 检索器索引已更新
2026-01-03 22:53:43,552 - rag.rag_pipeline - WARNING - 处理后的查询为空，使用原始查询: 高血压的治疗方法
2026-01-03 22:53:48,386 - rag.rag_pipeline - INFO - 检索器索引已更新
2026-01-03 22:53:48,387 - rag.rag_pipeline - WARNING - 处理后的查询为空，使用原始查询: 糖尿病的症状
2026-01-03 22:53:51,140 - rag.rag_pipeline - INFO - 检索器索引已更新
2026-01-03 22:53:51,140 - rag.rag_pipeline - WARNING - 处理后的查询为空，使用原始查询: 糖尿病的症状
2026-01-03 22:53:56,064 - rag.rag_pipeline - INFO - 检索器索引已更新
2026-01-03 22:53:56,068 - rag.rag_pipeline - WARNING - 处理后的查询为空，使用原始查询: 糖尿病的症状
2026-01-03 22:53:57,757 - rag.rag_pipeline - INFO - 检索器索引已更新
2026-01-03 22:53:57,757 - rag.rag_pipeline - WARNING - 处理后的查询为空，使用原始查询: 冠心病的危险因素
2026-01-03 22:54:01,675 - rag.rag_pipeline - INFO - 检索器索引已更新
2026-01-03 22:54:01,675 - rag.rag_pipeline - WARNING - 处理后的查询为空，使用原始查询: 肥胖与代谢疾病的关系
2026-01-03 22:54:08,052 - rag.rag_pipeline - INFO - 检索器索引已更新
2026-01-03 22:54:08,052 - rag.rag_pipeline - WARNING - 处理后的查询为空，使用原始查询: 高血压和肾脏病的关系
2026-01-03 22:54:10,843 - rag.rag_pipeline - INFO - 检索器索引已更新
2026-01-03 22:54:10,844 - rag.rag_pipeline - WARNING - 处理后的查询为空，使用原始查询: 糖尿病的治疗方案
2026-01-03 22:54:11,222 - rag.rag_pipeline - WARNING - 处理后的查询为空，使用原始查询: 糖尿病的治疗方案
2026-01-03 22:54:18,889 - rag.rag_pipeline - INFO - 检索器索引已更新
2026-01-03 22:54:18,895 - rag.rag_pipeline - WARNING - 处理后的查询为空，使用原始查询: 心血管疾病的预防
2026-01-03 22:54:25,349 - rag.rag_pipeline - INFO - 检索器索引已更新
2026-01-03 22:54:25,921 - rag.rag_pipeline - WARNING - 处理后的查询为空，使用原始查询: 脑卒中的类型和治疗方法
2026-01-03 22:54:26,091 - rag.rag_pipeline - WARNING - 处理后的查询为空，使用原始查询: 脑卒中的类型和治疗方法
2026-01-03 22:54:26,092 - rag.rag_pipeline - WARNING - 处理后的查询为空，使用原始查询: 慢性肾病的病因和预防
2026-01-03 22:54:26,243 - rag.rag_pipeline - WARNING - 处理后的查询为空，使用原始查询: 慢性肾病的病因和预防
2026-01-03 22:54:29,032 - rag.rag_pipeline - INFO - 检索器索引已更新
2026-01-03 23:06:27,509 - rag.rag_pipeline - INFO - 检索器索引已更新
2026-01-03 23:13:09,014 - rag.rag_pipeline - INFO - 检索器索引已更新
2026-01-03 23:14:30,923 - rag.rag_pipeline - INFO - 检索器索引已更新
2026-01-03 23:15:50,177 - rag.rag_pipeline - INFO - 检索器索引已更新
