2026-01-03 13:33:35,392 - SFT Training - INFO - ============================================================
2026-01-03 13:33:35,392 - SFT Training - INFO - SFT Training (Supervised Fine-Tuning)
2026-01-03 13:33:35,392 - SFT Training - INFO - ============================================================
2026-01-03 13:33:35,392 - SFT Training - INFO - 模型: /Users/xiniuyiliao/Desktop/code/models/gpt2
2026-01-03 13:33:35,392 - SFT Training - INFO - 训练数据: ./src/training/data/sft_data
2026-01-03 13:33:35,392 - SFT Training - INFO - 输出目录: ./outputs/sft/gpt2-test
2026-01-03 13:33:35,392 - SFT Training - INFO - 微调类型: lora
2026-01-03 13:33:35,392 - SFT Training - INFO - 序列长度: 512
2026-01-03 13:33:35,392 - SFT Training - INFO - 批次大小: 2
2026-01-03 13:33:35,392 - SFT Training - INFO - 学习率: 3e-05
2026-01-03 13:33:35,392 - SFT Training - INFO - 训练轮数: 3
2026-01-03 13:33:35,392 - SFT Training - INFO - ============================================================
2026-01-03 13:34:18,937 - SFT Training - INFO - ============================================================
2026-01-03 13:34:18,938 - SFT Training - INFO - SFT Training (Supervised Fine-Tuning)
2026-01-03 13:34:18,938 - SFT Training - INFO - ============================================================
2026-01-03 13:34:18,938 - SFT Training - INFO - 模型: /Users/xiniuyiliao/Desktop/code/models/gpt2
2026-01-03 13:34:18,938 - SFT Training - INFO - 训练数据: ./src/training/data/sft_data
2026-01-03 13:34:18,938 - SFT Training - INFO - 输出目录: ./outputs/sft/gpt2-test
2026-01-03 13:34:18,938 - SFT Training - INFO - 微调类型: lora
2026-01-03 13:34:18,938 - SFT Training - INFO - 序列长度: 512
2026-01-03 13:34:18,938 - SFT Training - INFO - 批次大小: 2
2026-01-03 13:34:18,938 - SFT Training - INFO - 学习率: 3e-05
2026-01-03 13:34:18,938 - SFT Training - INFO - 训练轮数: 3
2026-01-03 13:34:18,938 - SFT Training - INFO - ============================================================
2026-01-03 13:38:21,046 - SFT Training - INFO - ============================================================
2026-01-03 13:38:21,046 - SFT Training - INFO - SFT Training (Supervised Fine-Tuning)
2026-01-03 13:38:21,046 - SFT Training - INFO - ============================================================
2026-01-03 13:38:21,046 - SFT Training - INFO - 模型: /Users/xiniuyiliao/Desktop/code/models/gpt2
2026-01-03 13:38:21,046 - SFT Training - INFO - 训练数据: ./src/training/data/sft_data
2026-01-03 13:38:21,046 - SFT Training - INFO - 输出目录: ./outputs/sft/gpt2-test
2026-01-03 13:38:21,046 - SFT Training - INFO - 微调类型: lora
2026-01-03 13:38:21,046 - SFT Training - INFO - 序列长度: 512
2026-01-03 13:38:21,046 - SFT Training - INFO - 批次大小: 2
2026-01-03 13:38:21,047 - SFT Training - INFO - 学习率: 3e-05
2026-01-03 13:38:21,047 - SFT Training - INFO - 训练轮数: 3
2026-01-03 13:38:21,047 - SFT Training - INFO - ============================================================
2026-01-03 13:38:21,335 - SFT Training - INFO - 加载 train 数据: 10 条样本
2026-01-03 13:39:42,412 - SFT Training - INFO - ============================================================
2026-01-03 13:39:42,412 - SFT Training - INFO - SFT Training (Supervised Fine-Tuning)
2026-01-03 13:39:42,412 - SFT Training - INFO - ============================================================
2026-01-03 13:39:42,413 - SFT Training - INFO - 模型: /Users/xiniuyiliao/Desktop/code/models/gpt2
2026-01-03 13:39:42,413 - SFT Training - INFO - 训练数据: ./src/training/data/sft_data
2026-01-03 13:39:42,413 - SFT Training - INFO - 输出目录: ./outputs/sft/gpt2-test
2026-01-03 13:39:42,413 - SFT Training - INFO - 微调类型: lora
2026-01-03 13:39:42,413 - SFT Training - INFO - 序列长度: 512
2026-01-03 13:39:42,413 - SFT Training - INFO - 批次大小: 2
2026-01-03 13:39:42,413 - SFT Training - INFO - 学习率: 3e-05
2026-01-03 13:39:42,413 - SFT Training - INFO - 训练轮数: 3
2026-01-03 13:39:42,413 - SFT Training - INFO - ============================================================
2026-01-03 13:39:42,684 - SFT Training - INFO - 加载 train 数据: 10 条样本
2026-01-03 13:41:42,592 - SFT Training - INFO - ============================================================
2026-01-03 13:41:42,592 - SFT Training - INFO - SFT Training (Supervised Fine-Tuning)
2026-01-03 13:41:42,592 - SFT Training - INFO - ============================================================
2026-01-03 13:41:42,592 - SFT Training - INFO - 模型: /Users/xiniuyiliao/Desktop/code/models/gpt2
2026-01-03 13:41:42,592 - SFT Training - INFO - 训练数据: ./src/training/data/sft_data
2026-01-03 13:41:42,592 - SFT Training - INFO - 输出目录: ./outputs/sft/gpt2-test
2026-01-03 13:41:42,592 - SFT Training - INFO - 微调类型: lora
2026-01-03 13:41:42,592 - SFT Training - INFO - 序列长度: 512
2026-01-03 13:41:42,592 - SFT Training - INFO - 批次大小: 2
2026-01-03 13:41:42,592 - SFT Training - INFO - 学习率: 3e-05
2026-01-03 13:41:42,592 - SFT Training - INFO - 训练轮数: 3
2026-01-03 13:41:42,592 - SFT Training - INFO - ============================================================
2026-01-03 13:41:42,841 - SFT Training - INFO - 加载 train 数据: 10 条样本
2026-01-03 13:43:39,189 - SFT Training - INFO - ============================================================
2026-01-03 13:43:39,189 - SFT Training - INFO - SFT Training (Supervised Fine-Tuning)
2026-01-03 13:43:39,189 - SFT Training - INFO - ============================================================
2026-01-03 13:43:39,189 - SFT Training - INFO - 模型: /Users/xiniuyiliao/Desktop/code/models/gpt2
2026-01-03 13:43:39,189 - SFT Training - INFO - 训练数据: ./src/training/data/sft_data
2026-01-03 13:43:39,189 - SFT Training - INFO - 输出目录: ./outputs/sft/gpt2-test
2026-01-03 13:43:39,189 - SFT Training - INFO - 微调类型: lora
2026-01-03 13:43:39,189 - SFT Training - INFO - 序列长度: 512
2026-01-03 13:43:39,189 - SFT Training - INFO - 批次大小: 2
2026-01-03 13:43:39,189 - SFT Training - INFO - 学习率: 3e-05
2026-01-03 13:43:39,190 - SFT Training - INFO - 训练轮数: 3
2026-01-03 13:43:39,190 - SFT Training - INFO - ============================================================
2026-01-03 13:43:39,581 - SFT Training - INFO - 加载 train 数据: 10 条样本
2026-01-03 13:44:24,607 - SFT Training - INFO - ============================================================
2026-01-03 13:44:24,608 - SFT Training - INFO - SFT 训练完成！
2026-01-03 13:44:24,608 - SFT Training - INFO - 模型已保存到: ./outputs/sft/gpt2-test
2026-01-03 13:44:24,608 - SFT Training - INFO - ============================================================
