2026-01-03 13:33:35,395 - SFTTrainer - INFO - Accelerator 初始化完成，分布式类型: NO
2026-01-03 13:33:35,395 - SFTTrainer - INFO - 加载模型: /Users/xiniuyiliao/Desktop/code/models/gpt2
2026-01-03 13:33:35,395 - SFTTrainer - INFO - 微调类型: lora
2026-01-03 13:33:35,500 - SFTTrainer - INFO - 已将 pad_token 设置为 eos_token
2026-01-03 13:33:35,655 - SFTTrainer - INFO - 配置 LoRA 微调...
2026-01-03 13:33:35,655 - SFTTrainer - INFO - 已调用 enable_input_require_grads() 以支持梯度计算
2026-01-03 13:33:35,655 - SFTTrainer - INFO - LoRA 配置: rank=16, alpha=8
2026-01-03 13:33:35,713 - SFTTrainer - INFO - 已确保所有 LoRA 参数 requires_grad=True
2026-01-03 13:33:35,719 - SFTTrainer - INFO - 模型和分词器加载完成
2026-01-03 13:34:18,941 - SFTTrainer - INFO - Accelerator 初始化完成，分布式类型: NO
2026-01-03 13:34:18,941 - SFTTrainer - INFO - 加载模型: /Users/xiniuyiliao/Desktop/code/models/gpt2
2026-01-03 13:34:18,941 - SFTTrainer - INFO - 微调类型: lora
2026-01-03 13:34:19,040 - SFTTrainer - INFO - 已将 pad_token 设置为 eos_token
2026-01-03 13:34:19,210 - SFTTrainer - INFO - 配置 LoRA 微调...
2026-01-03 13:34:19,210 - SFTTrainer - INFO - 已调用 enable_input_require_grads() 以支持梯度计算
2026-01-03 13:34:19,210 - SFTTrainer - INFO - LoRA 配置: rank=16, alpha=8
2026-01-03 13:34:19,260 - SFTTrainer - INFO - 已确保所有 LoRA 参数 requires_grad=True
2026-01-03 13:34:19,266 - SFTTrainer - INFO - 模型和分词器加载完成
2026-01-03 13:38:21,049 - SFTTrainer - INFO - Accelerator 初始化完成，分布式类型: NO
2026-01-03 13:38:21,049 - SFTTrainer - INFO - 加载模型: /Users/xiniuyiliao/Desktop/code/models/gpt2
2026-01-03 13:38:21,049 - SFTTrainer - INFO - 微调类型: lora
2026-01-03 13:38:21,168 - SFTTrainer - INFO - 已将 pad_token 设置为 eos_token
2026-01-03 13:38:21,277 - SFTTrainer - INFO - 配置 LoRA 微调...
2026-01-03 13:38:21,277 - SFTTrainer - INFO - 已调用 enable_input_require_grads() 以支持梯度计算
2026-01-03 13:38:21,277 - SFTTrainer - INFO - LoRA 配置: rank=16, alpha=8
2026-01-03 13:38:21,329 - SFTTrainer - INFO - 已确保所有 LoRA 参数 requires_grad=True
2026-01-03 13:38:21,335 - SFTTrainer - INFO - 模型和分词器加载完成
2026-01-03 13:38:21,372 - SFTTrainer - INFO - 数据集准备完成，包含 10 个样本
2026-01-03 13:38:23,760 - SFTTrainer - INFO - 分词完成，数据集包含 10 个样本
2026-01-03 13:38:23,761 - SFTTrainer - INFO - 训练参数: 3 epochs, batch_size=4
2026-01-03 13:39:42,416 - SFTTrainer - INFO - Accelerator 初始化完成，分布式类型: NO
2026-01-03 13:39:42,416 - SFTTrainer - INFO - 加载模型: /Users/xiniuyiliao/Desktop/code/models/gpt2
2026-01-03 13:39:42,416 - SFTTrainer - INFO - 微调类型: lora
2026-01-03 13:39:42,519 - SFTTrainer - INFO - 已将 pad_token 设置为 eos_token
2026-01-03 13:39:42,626 - SFTTrainer - INFO - 配置 LoRA 微调...
2026-01-03 13:39:42,626 - SFTTrainer - INFO - 已调用 enable_input_require_grads() 以支持梯度计算
2026-01-03 13:39:42,626 - SFTTrainer - INFO - LoRA 配置: rank=16, alpha=8
2026-01-03 13:39:42,677 - SFTTrainer - INFO - 已确保所有 LoRA 参数 requires_grad=True
2026-01-03 13:39:42,683 - SFTTrainer - INFO - 模型和分词器加载完成
2026-01-03 13:39:42,703 - SFTTrainer - INFO - 数据集准备完成，包含 10 个样本
2026-01-03 13:39:44,783 - SFTTrainer - INFO - 分词完成，数据集包含 10 个样本
2026-01-03 13:39:44,785 - SFTTrainer - INFO - 训练参数: 3 epochs, batch_size=4
2026-01-03 13:39:44,863 - SFTTrainer - INFO - 开始训练...
2026-01-03 13:41:42,595 - SFTTrainer - INFO - Accelerator 初始化完成，分布式类型: NO
2026-01-03 13:41:42,595 - SFTTrainer - INFO - 加载模型: /Users/xiniuyiliao/Desktop/code/models/gpt2
2026-01-03 13:41:42,595 - SFTTrainer - INFO - 微调类型: lora
2026-01-03 13:41:42,685 - SFTTrainer - INFO - 已将 pad_token 设置为 eos_token
2026-01-03 13:41:42,782 - SFTTrainer - INFO - 配置 LoRA 微调...
2026-01-03 13:41:42,782 - SFTTrainer - INFO - 已调用 enable_input_require_grads() 以支持梯度计算
2026-01-03 13:41:42,782 - SFTTrainer - INFO - LoRA 配置: rank=16, alpha=8
2026-01-03 13:41:42,834 - SFTTrainer - INFO - 已确保所有 LoRA 参数 requires_grad=True
2026-01-03 13:41:42,841 - SFTTrainer - INFO - 模型和分词器加载完成
2026-01-03 13:41:42,861 - SFTTrainer - INFO - 数据集准备完成，包含 10 个样本
2026-01-03 13:41:43,762 - SFTTrainer - INFO - 分词完成，数据集包含 10 个样本
2026-01-03 13:41:43,764 - SFTTrainer - INFO - 训练参数: 3 epochs, batch_size=4
2026-01-03 13:41:43,829 - SFTTrainer - INFO - 开始训练...
2026-01-03 13:43:39,192 - SFTTrainer - INFO - Accelerator 初始化完成，分布式类型: NO
2026-01-03 13:43:39,193 - SFTTrainer - INFO - 加载模型: /Users/xiniuyiliao/Desktop/code/models/gpt2
2026-01-03 13:43:39,193 - SFTTrainer - INFO - 微调类型: lora
2026-01-03 13:43:39,392 - SFTTrainer - INFO - 已将 pad_token 设置为 eos_token
2026-01-03 13:43:39,525 - SFTTrainer - INFO - 配置 LoRA 微调...
2026-01-03 13:43:39,525 - SFTTrainer - INFO - 已调用 enable_input_require_grads() 以支持梯度计算
2026-01-03 13:43:39,525 - SFTTrainer - INFO - LoRA 配置: rank=16, alpha=8
2026-01-03 13:43:39,574 - SFTTrainer - INFO - 已确保所有 LoRA 参数 requires_grad=True
2026-01-03 13:43:39,580 - SFTTrainer - INFO - 模型和分词器加载完成
2026-01-03 13:43:39,608 - SFTTrainer - INFO - 数据集准备完成，包含 10 个样本
2026-01-03 13:43:41,605 - SFTTrainer - INFO - 分词完成，数据集包含 10 个样本
2026-01-03 13:43:41,606 - SFTTrainer - INFO - 训练参数: 3 epochs, batch_size=4
2026-01-03 13:43:41,667 - SFTTrainer - INFO - 开始训练...
2026-01-03 13:44:24,568 - SFTTrainer - INFO - LoRA adapter 保存到: ./outputs/sft/gpt2-test
2026-01-03 13:44:24,607 - SFTTrainer - INFO - 训练完成！损失: 5.5450
2026-01-03 13:44:24,607 - SFTTrainer - INFO - 模型保存到: ./outputs/sft/gpt2-test
